
*** Running vivado
    with args -log viterbiDecoder_tb.vds -m64 -product Vivado -mode batch -messageDb vivado.pb -notrace -source viterbiDecoder_tb.tcl


ECHO is off.
ECHO is off.

****** Vivado v2023.2 (64-bit)
  **** SW Build 4029153 on Fri Oct 13 20:14:34 MDT 2023
  **** IP Build 4028589 on Sat Oct 14 00:45:43 MDT 2023
  **** SharedData Build 4025554 on Tue Oct 10 17:18:54 MDT 2023
    ** Copyright 1986-2022 Xilinx, Inc. All Rights Reserved.
    ** Copyright 2022-2023 Advanced Micro Devices, Inc. All Rights Reserved.

source viterbiDecoder_tb.tcl -notrace
create_project: Time (s): cpu = 00:00:11 ; elapsed = 00:00:18 . Memory (MB): peak = 483.996 ; gain = 177.512
Command: synth_design -top viterbiDecoder_tb -part xc7k70tfbv676-1
Starting synth_design
Attempting to get a license for feature 'Synthesis' and/or device 'xc7k70t'
INFO: [Common 17-349] Got license for feature 'Synthesis' and/or device 'xc7k70t'
INFO: [Synth 8-7079] Multithreading enabled for synth_design using a maximum of 2 processes.
INFO: [Synth 8-7078] Launching helper process for spawning children vivado processes
INFO: [Synth 8-7075] Helper process launched with PID 8764
---------------------------------------------------------------------------------
Starting Synthesize : Time (s): cpu = 00:00:06 ; elapsed = 00:00:07 . Memory (MB): peak = 933.926 ; gain = 446.938
---------------------------------------------------------------------------------
INFO: [Synth 8-6157] synthesizing module 'viterbiDecoder_tb' [C:/Users/dinak/OneDrive/Documents/UMBC Spring 2025 Semester/CMPE 316/CCED_spring_2026/CCED_spring_2026.srcs/sources_1/new/viterbiDecoder_tb.sv:3]
WARNING: [Synth 8-6896] wait statement is inside initial block, initial block items will be ignored [C:/Users/dinak/OneDrive/Documents/UMBC Spring 2025 Semester/CMPE 316/CCED_spring_2026/CCED_spring_2026.srcs/sources_1/new/viterbiDecoder_tb.sv:94]
INFO: [Synth 8-6157] synthesizing module 'viterbiDecoder' [C:/Users/dinak/OneDrive/Documents/UMBC Spring 2025 Semester/CMPE 316/CCED_spring_2026/CCED_spring_2026.srcs/sources_1/new/viterbiDecoder.sv:3]
INFO: [Synth 8-155] case statement is not full and has no default [C:/Users/dinak/OneDrive/Documents/UMBC Spring 2025 Semester/CMPE 316/CCED_spring_2026/CCED_spring_2026.srcs/sources_1/new/viterbiDecoder.sv:84]
INFO: [Synth 8-6157] synthesizing module 'acs' [C:/Users/dinak/OneDrive/Documents/UMBC Spring 2025 Semester/CMPE 316/CCED_spring_2026/CCED_spring_2026.srcs/sources_1/new/ACS.sv:3]
INFO: [Synth 8-6157] synthesizing module 'bmu' [C:/Users/dinak/OneDrive/Documents/UMBC Spring 2025 Semester/CMPE 316/CCED_spring_2026/CCED_spring_2026.srcs/sources_1/new/BMU.sv:3]
INFO: [Synth 8-6155] done synthesizing module 'bmu' (0#1) [C:/Users/dinak/OneDrive/Documents/UMBC Spring 2025 Semester/CMPE 316/CCED_spring_2026/CCED_spring_2026.srcs/sources_1/new/BMU.sv:3]
INFO: [Synth 8-6155] done synthesizing module 'acs' (0#1) [C:/Users/dinak/OneDrive/Documents/UMBC Spring 2025 Semester/CMPE 316/CCED_spring_2026/CCED_spring_2026.srcs/sources_1/new/ACS.sv:3]
INFO: [Synth 8-6157] synthesizing module 'SMU' [C:/Users/dinak/OneDrive/Documents/UMBC Spring 2025 Semester/CMPE 316/CCED_spring_2026/CCED_spring_2026.srcs/sources_1/new/SMU.sv:3]
	Parameter TB_DEPTH bound to: 32'sb00000000000000000000000000010000 
INFO: [Synth 8-6155] done synthesizing module 'SMU' (0#1) [C:/Users/dinak/OneDrive/Documents/UMBC Spring 2025 Semester/CMPE 316/CCED_spring_2026/CCED_spring_2026.srcs/sources_1/new/SMU.sv:3]
WARNING: [Synth 8-689] width (7) of port connection 'index' does not match port width (1) of module 'SMU' [C:/Users/dinak/OneDrive/Documents/UMBC Spring 2025 Semester/CMPE 316/CCED_spring_2026/CCED_spring_2026.srcs/sources_1/new/viterbiDecoder.sv:203]
INFO: [Synth 8-6155] done synthesizing module 'viterbiDecoder' (0#1) [C:/Users/dinak/OneDrive/Documents/UMBC Spring 2025 Semester/CMPE 316/CCED_spring_2026/CCED_spring_2026.srcs/sources_1/new/viterbiDecoder.sv:3]
CRITICAL WARNING: [Synth 8-5972] variable 'done' cannot be written by both continuous and procedural assignments [C:/Users/dinak/OneDrive/Documents/UMBC Spring 2025 Semester/CMPE 316/CCED_spring_2026/CCED_spring_2026.srcs/sources_1/new/viterbiDecoder_tb.sv:28]
WARNING: [Synth 8-85] always block has no event control specified [C:/Users/dinak/OneDrive/Documents/UMBC Spring 2025 Semester/CMPE 316/CCED_spring_2026/CCED_spring_2026.srcs/sources_1/new/viterbiDecoder_tb.sv:35]
INFO: [Synth 8-6155] done synthesizing module 'viterbiDecoder_tb' (0#1) [C:/Users/dinak/OneDrive/Documents/UMBC Spring 2025 Semester/CMPE 316/CCED_spring_2026/CCED_spring_2026.srcs/sources_1/new/viterbiDecoder_tb.sv:3]
WARNING: [Synth 8-6014] Unused sequential element stop_write_reg was removed.  [C:/Users/dinak/OneDrive/Documents/UMBC Spring 2025 Semester/CMPE 316/CCED_spring_2026/CCED_spring_2026.srcs/sources_1/new/SMU.sv:44]
WARNING: [Synth 8-7137] Register survivor_mem_reg in module SMU has both Set and reset with same priority. This may cause simulation mismatches. Consider rewriting code 
WARNING: [Synth 8-7137] Register tb_count_reg in module SMU has both Set and reset with same priority. This may cause simulation mismatches. Consider rewriting code  [C:/Users/dinak/OneDrive/Documents/UMBC Spring 2025 Semester/CMPE 316/CCED_spring_2026/CCED_spring_2026.srcs/sources_1/new/SMU.sv:53]
WARNING: [Synth 8-4767] Trying to implement RAM 'survivor_mem_reg' in registers. Block RAM or DRAM implementation is not possible; see log for reasons.
Reason is one or more of the following :
	1: RAM is sensitive to asynchronous reset signal. this RTL style is not supported. 
RAM "survivor_mem_reg" dissolved into registers
WARNING: [Synth 8-6014] Unused sequential element tb_timer_reg was removed.  [C:/Users/dinak/OneDrive/Documents/UMBC Spring 2025 Semester/CMPE 316/CCED_spring_2026/CCED_spring_2026.srcs/sources_1/new/viterbiDecoder.sv:70]
WARNING: [Synth 8-6014] Unused sequential element tb_done_reg was removed.  [C:/Users/dinak/OneDrive/Documents/UMBC Spring 2025 Semester/CMPE 316/CCED_spring_2026/CCED_spring_2026.srcs/sources_1/new/viterbiDecoder.sv:73]
WARNING: [Synth 8-7137] Register rx0_reg in module viterbiDecoder has both Set and reset with same priority. This may cause simulation mismatches. Consider rewriting code  [C:/Users/dinak/OneDrive/Documents/UMBC Spring 2025 Semester/CMPE 316/CCED_spring_2026/CCED_spring_2026.srcs/sources_1/new/viterbiDecoder.sv:76]
WARNING: [Synth 8-7137] Register best_state_reg in module viterbiDecoder has both Set and reset with same priority. This may cause simulation mismatches. Consider rewriting code  [C:/Users/dinak/OneDrive/Documents/UMBC Spring 2025 Semester/CMPE 316/CCED_spring_2026/CCED_spring_2026.srcs/sources_1/new/viterbiDecoder.sv:97]
WARNING: [Synth 8-7137] Register decoded_bits_reg in module viterbiDecoder has both Set and reset with same priority. This may cause simulation mismatches. Consider rewriting code  [C:/Users/dinak/OneDrive/Documents/UMBC Spring 2025 Semester/CMPE 316/CCED_spring_2026/CCED_spring_2026.srcs/sources_1/new/viterbiDecoder.sv:119]
WARNING: [Synth 8-3848] Net en in module/entity viterbiDecoder_tb does not have driver. [C:/Users/dinak/OneDrive/Documents/UMBC Spring 2025 Semester/CMPE 316/CCED_spring_2026/CCED_spring_2026.srcs/sources_1/new/viterbiDecoder_tb.sv:10]
WARNING: [Synth 8-3848] Net encoded_bits[0] in module/entity viterbiDecoder_tb does not have driver. [C:/Users/dinak/OneDrive/Documents/UMBC Spring 2025 Semester/CMPE 316/CCED_spring_2026/CCED_spring_2026.srcs/sources_1/new/viterbiDecoder_tb.sv:16]
WARNING: [Synth 8-3848] Net encoded_bits[1] in module/entity viterbiDecoder_tb does not have driver. [C:/Users/dinak/OneDrive/Documents/UMBC Spring 2025 Semester/CMPE 316/CCED_spring_2026/CCED_spring_2026.srcs/sources_1/new/viterbiDecoder_tb.sv:16]
WARNING: [Synth 8-3848] Net encoded_bits[2] in module/entity viterbiDecoder_tb does not have driver. [C:/Users/dinak/OneDrive/Documents/UMBC Spring 2025 Semester/CMPE 316/CCED_spring_2026/CCED_spring_2026.srcs/sources_1/new/viterbiDecoder_tb.sv:16]
WARNING: [Synth 8-3848] Net encoded_bits[3] in module/entity viterbiDecoder_tb does not have driver. [C:/Users/dinak/OneDrive/Documents/UMBC Spring 2025 Semester/CMPE 316/CCED_spring_2026/CCED_spring_2026.srcs/sources_1/new/viterbiDecoder_tb.sv:16]
WARNING: [Synth 8-3848] Net encoded_bits[4] in module/entity viterbiDecoder_tb does not have driver. [C:/Users/dinak/OneDrive/Documents/UMBC Spring 2025 Semester/CMPE 316/CCED_spring_2026/CCED_spring_2026.srcs/sources_1/new/viterbiDecoder_tb.sv:16]
WARNING: [Synth 8-3848] Net encoded_bits[5] in module/entity viterbiDecoder_tb does not have driver. [C:/Users/dinak/OneDrive/Documents/UMBC Spring 2025 Semester/CMPE 316/CCED_spring_2026/CCED_spring_2026.srcs/sources_1/new/viterbiDecoder_tb.sv:16]
WARNING: [Synth 8-3848] Net encoded_bits[6] in module/entity viterbiDecoder_tb does not have driver. [C:/Users/dinak/OneDrive/Documents/UMBC Spring 2025 Semester/CMPE 316/CCED_spring_2026/CCED_spring_2026.srcs/sources_1/new/viterbiDecoder_tb.sv:16]
WARNING: [Synth 8-3848] Net encoded_bits[7] in module/entity viterbiDecoder_tb does not have driver. [C:/Users/dinak/OneDrive/Documents/UMBC Spring 2025 Semester/CMPE 316/CCED_spring_2026/CCED_spring_2026.srcs/sources_1/new/viterbiDecoder_tb.sv:16]
WARNING: [Synth 8-3848] Net encoded_bits[8] in module/entity viterbiDecoder_tb does not have driver. [C:/Users/dinak/OneDrive/Documents/UMBC Spring 2025 Semester/CMPE 316/CCED_spring_2026/CCED_spring_2026.srcs/sources_1/new/viterbiDecoder_tb.sv:16]
WARNING: [Synth 8-3848] Net encoded_bits[9] in module/entity viterbiDecoder_tb does not have driver. [C:/Users/dinak/OneDrive/Documents/UMBC Spring 2025 Semester/CMPE 316/CCED_spring_2026/CCED_spring_2026.srcs/sources_1/new/viterbiDecoder_tb.sv:16]
WARNING: [Synth 8-3848] Net encoded_bits[10] in module/entity viterbiDecoder_tb does not have driver. [C:/Users/dinak/OneDrive/Documents/UMBC Spring 2025 Semester/CMPE 316/CCED_spring_2026/CCED_spring_2026.srcs/sources_1/new/viterbiDecoder_tb.sv:16]
WARNING: [Synth 8-3848] Net encoded_bits[11] in module/entity viterbiDecoder_tb does not have driver. [C:/Users/dinak/OneDrive/Documents/UMBC Spring 2025 Semester/CMPE 316/CCED_spring_2026/CCED_spring_2026.srcs/sources_1/new/viterbiDecoder_tb.sv:16]
WARNING: [Synth 8-3848] Net encoded_bits[12] in module/entity viterbiDecoder_tb does not have driver. [C:/Users/dinak/OneDrive/Documents/UMBC Spring 2025 Semester/CMPE 316/CCED_spring_2026/CCED_spring_2026.srcs/sources_1/new/viterbiDecoder_tb.sv:16]
WARNING: [Synth 8-3848] Net encoded_bits[13] in module/entity viterbiDecoder_tb does not have driver. [C:/Users/dinak/OneDrive/Documents/UMBC Spring 2025 Semester/CMPE 316/CCED_spring_2026/CCED_spring_2026.srcs/sources_1/new/viterbiDecoder_tb.sv:16]
WARNING: [Synth 8-3848] Net encoded_bits[14] in module/entity viterbiDecoder_tb does not have driver. [C:/Users/dinak/OneDrive/Documents/UMBC Spring 2025 Semester/CMPE 316/CCED_spring_2026/CCED_spring_2026.srcs/sources_1/new/viterbiDecoder_tb.sv:16]
WARNING: [Synth 8-3848] Net encoded_bits[15] in module/entity viterbiDecoder_tb does not have driver. [C:/Users/dinak/OneDrive/Documents/UMBC Spring 2025 Semester/CMPE 316/CCED_spring_2026/CCED_spring_2026.srcs/sources_1/new/viterbiDecoder_tb.sv:16]
WARNING: [Synth 8-3848] Net encoded_bits[16] in module/entity viterbiDecoder_tb does not have driver. [C:/Users/dinak/OneDrive/Documents/UMBC Spring 2025 Semester/CMPE 316/CCED_spring_2026/CCED_spring_2026.srcs/sources_1/new/viterbiDecoder_tb.sv:16]
WARNING: [Synth 8-3848] Net encoded_bits[17] in module/entity viterbiDecoder_tb does not have driver. [C:/Users/dinak/OneDrive/Documents/UMBC Spring 2025 Semester/CMPE 316/CCED_spring_2026/CCED_spring_2026.srcs/sources_1/new/viterbiDecoder_tb.sv:16]
WARNING: [Synth 8-3848] Net encoded_bits[18] in module/entity viterbiDecoder_tb does not have driver. [C:/Users/dinak/OneDrive/Documents/UMBC Spring 2025 Semester/CMPE 316/CCED_spring_2026/CCED_spring_2026.srcs/sources_1/new/viterbiDecoder_tb.sv:16]
WARNING: [Synth 8-3848] Net encoded_bits[19] in module/entity viterbiDecoder_tb does not have driver. [C:/Users/dinak/OneDrive/Documents/UMBC Spring 2025 Semester/CMPE 316/CCED_spring_2026/CCED_spring_2026.srcs/sources_1/new/viterbiDecoder_tb.sv:16]
WARNING: [Synth 8-3848] Net encoded_bits[20] in module/entity viterbiDecoder_tb does not have driver. [C:/Users/dinak/OneDrive/Documents/UMBC Spring 2025 Semester/CMPE 316/CCED_spring_2026/CCED_spring_2026.srcs/sources_1/new/viterbiDecoder_tb.sv:16]
WARNING: [Synth 8-3848] Net encoded_bits[21] in module/entity viterbiDecoder_tb does not have driver. [C:/Users/dinak/OneDrive/Documents/UMBC Spring 2025 Semester/CMPE 316/CCED_spring_2026/CCED_spring_2026.srcs/sources_1/new/viterbiDecoder_tb.sv:16]
WARNING: [Synth 8-3848] Net encoded_bits[22] in module/entity viterbiDecoder_tb does not have driver. [C:/Users/dinak/OneDrive/Documents/UMBC Spring 2025 Semester/CMPE 316/CCED_spring_2026/CCED_spring_2026.srcs/sources_1/new/viterbiDecoder_tb.sv:16]
WARNING: [Synth 8-3848] Net encoded_bits[23] in module/entity viterbiDecoder_tb does not have driver. [C:/Users/dinak/OneDrive/Documents/UMBC Spring 2025 Semester/CMPE 316/CCED_spring_2026/CCED_spring_2026.srcs/sources_1/new/viterbiDecoder_tb.sv:16]
WARNING: [Synth 8-3848] Net encoded_bits[24] in module/entity viterbiDecoder_tb does not have driver. [C:/Users/dinak/OneDrive/Documents/UMBC Spring 2025 Semester/CMPE 316/CCED_spring_2026/CCED_spring_2026.srcs/sources_1/new/viterbiDecoder_tb.sv:16]
WARNING: [Synth 8-3848] Net encoded_bits[25] in module/entity viterbiDecoder_tb does not have driver. [C:/Users/dinak/OneDrive/Documents/UMBC Spring 2025 Semester/CMPE 316/CCED_spring_2026/CCED_spring_2026.srcs/sources_1/new/viterbiDecoder_tb.sv:16]
WARNING: [Synth 8-3848] Net encoded_bits[26] in module/entity viterbiDecoder_tb does not have driver. [C:/Users/dinak/OneDrive/Documents/UMBC Spring 2025 Semester/CMPE 316/CCED_spring_2026/CCED_spring_2026.srcs/sources_1/new/viterbiDecoder_tb.sv:16]
WARNING: [Synth 8-3848] Net encoded_bits[27] in module/entity viterbiDecoder_tb does not have driver. [C:/Users/dinak/OneDrive/Documents/UMBC Spring 2025 Semester/CMPE 316/CCED_spring_2026/CCED_spring_2026.srcs/sources_1/new/viterbiDecoder_tb.sv:16]
WARNING: [Synth 8-3848] Net encoded_bits[28] in module/entity viterbiDecoder_tb does not have driver. [C:/Users/dinak/OneDrive/Documents/UMBC Spring 2025 Semester/CMPE 316/CCED_spring_2026/CCED_spring_2026.srcs/sources_1/new/viterbiDecoder_tb.sv:16]
WARNING: [Synth 8-3848] Net encoded_bits[29] in module/entity viterbiDecoder_tb does not have driver. [C:/Users/dinak/OneDrive/Documents/UMBC Spring 2025 Semester/CMPE 316/CCED_spring_2026/CCED_spring_2026.srcs/sources_1/new/viterbiDecoder_tb.sv:16]
WARNING: [Synth 8-3848] Net encoded_bits[30] in module/entity viterbiDecoder_tb does not have driver. [C:/Users/dinak/OneDrive/Documents/UMBC Spring 2025 Semester/CMPE 316/CCED_spring_2026/CCED_spring_2026.srcs/sources_1/new/viterbiDecoder_tb.sv:16]
WARNING: [Synth 8-3848] Net encoded_bits[31] in module/entity viterbiDecoder_tb does not have driver. [C:/Users/dinak/OneDrive/Documents/UMBC Spring 2025 Semester/CMPE 316/CCED_spring_2026/CCED_spring_2026.srcs/sources_1/new/viterbiDecoder_tb.sv:16]
WARNING: [Synth 8-3848] Net encoded_bits[32] in module/entity viterbiDecoder_tb does not have driver. [C:/Users/dinak/OneDrive/Documents/UMBC Spring 2025 Semester/CMPE 316/CCED_spring_2026/CCED_spring_2026.srcs/sources_1/new/viterbiDecoder_tb.sv:16]
WARNING: [Synth 8-3848] Net encoded_bits[33] in module/entity viterbiDecoder_tb does not have driver. [C:/Users/dinak/OneDrive/Documents/UMBC Spring 2025 Semester/CMPE 316/CCED_spring_2026/CCED_spring_2026.srcs/sources_1/new/viterbiDecoder_tb.sv:16]
WARNING: [Synth 8-3848] Net encoded_bits[34] in module/entity viterbiDecoder_tb does not have driver. [C:/Users/dinak/OneDrive/Documents/UMBC Spring 2025 Semester/CMPE 316/CCED_spring_2026/CCED_spring_2026.srcs/sources_1/new/viterbiDecoder_tb.sv:16]
WARNING: [Synth 8-3848] Net encoded_bits[35] in module/entity viterbiDecoder_tb does not have driver. [C:/Users/dinak/OneDrive/Documents/UMBC Spring 2025 Semester/CMPE 316/CCED_spring_2026/CCED_spring_2026.srcs/sources_1/new/viterbiDecoder_tb.sv:16]
WARNING: [Synth 8-3848] Net encoded_bits[36] in module/entity viterbiDecoder_tb does not have driver. [C:/Users/dinak/OneDrive/Documents/UMBC Spring 2025 Semester/CMPE 316/CCED_spring_2026/CCED_spring_2026.srcs/sources_1/new/viterbiDecoder_tb.sv:16]
WARNING: [Synth 8-3848] Net encoded_bits[37] in module/entity viterbiDecoder_tb does not have driver. [C:/Users/dinak/OneDrive/Documents/UMBC Spring 2025 Semester/CMPE 316/CCED_spring_2026/CCED_spring_2026.srcs/sources_1/new/viterbiDecoder_tb.sv:16]
WARNING: [Synth 8-3848] Net encoded_bits[38] in module/entity viterbiDecoder_tb does not have driver. [C:/Users/dinak/OneDrive/Documents/UMBC Spring 2025 Semester/CMPE 316/CCED_spring_2026/CCED_spring_2026.srcs/sources_1/new/viterbiDecoder_tb.sv:16]
WARNING: [Synth 8-3848] Net encoded_bits[39] in module/entity viterbiDecoder_tb does not have driver. [C:/Users/dinak/OneDrive/Documents/UMBC Spring 2025 Semester/CMPE 316/CCED_spring_2026/CCED_spring_2026.srcs/sources_1/new/viterbiDecoder_tb.sv:16]
WARNING: [Synth 8-3848] Net encoded_bits[40] in module/entity viterbiDecoder_tb does not have driver. [C:/Users/dinak/OneDrive/Documents/UMBC Spring 2025 Semester/CMPE 316/CCED_spring_2026/CCED_spring_2026.srcs/sources_1/new/viterbiDecoder_tb.sv:16]
WARNING: [Synth 8-3848] Net encoded_bits[41] in module/entity viterbiDecoder_tb does not have driver. [C:/Users/dinak/OneDrive/Documents/UMBC Spring 2025 Semester/CMPE 316/CCED_spring_2026/CCED_spring_2026.srcs/sources_1/new/viterbiDecoder_tb.sv:16]
WARNING: [Synth 8-3848] Net encoded_bits[42] in module/entity viterbiDecoder_tb does not have driver. [C:/Users/dinak/OneDrive/Documents/UMBC Spring 2025 Semester/CMPE 316/CCED_spring_2026/CCED_spring_2026.srcs/sources_1/new/viterbiDecoder_tb.sv:16]
WARNING: [Synth 8-3848] Net encoded_bits[43] in module/entity viterbiDecoder_tb does not have driver. [C:/Users/dinak/OneDrive/Documents/UMBC Spring 2025 Semester/CMPE 316/CCED_spring_2026/CCED_spring_2026.srcs/sources_1/new/viterbiDecoder_tb.sv:16]
WARNING: [Synth 8-3848] Net encoded_bits[44] in module/entity viterbiDecoder_tb does not have driver. [C:/Users/dinak/OneDrive/Documents/UMBC Spring 2025 Semester/CMPE 316/CCED_spring_2026/CCED_spring_2026.srcs/sources_1/new/viterbiDecoder_tb.sv:16]
WARNING: [Synth 8-3848] Net encoded_bits[45] in module/entity viterbiDecoder_tb does not have driver. [C:/Users/dinak/OneDrive/Documents/UMBC Spring 2025 Semester/CMPE 316/CCED_spring_2026/CCED_spring_2026.srcs/sources_1/new/viterbiDecoder_tb.sv:16]
WARNING: [Synth 8-3848] Net encoded_bits[46] in module/entity viterbiDecoder_tb does not have driver. [C:/Users/dinak/OneDrive/Documents/UMBC Spring 2025 Semester/CMPE 316/CCED_spring_2026/CCED_spring_2026.srcs/sources_1/new/viterbiDecoder_tb.sv:16]
WARNING: [Synth 8-3848] Net encoded_bits[47] in module/entity viterbiDecoder_tb does not have driver. [C:/Users/dinak/OneDrive/Documents/UMBC Spring 2025 Semester/CMPE 316/CCED_spring_2026/CCED_spring_2026.srcs/sources_1/new/viterbiDecoder_tb.sv:16]
WARNING: [Synth 8-3848] Net encoded_bits[48] in module/entity viterbiDecoder_tb does not have driver. [C:/Users/dinak/OneDrive/Documents/UMBC Spring 2025 Semester/CMPE 316/CCED_spring_2026/CCED_spring_2026.srcs/sources_1/new/viterbiDecoder_tb.sv:16]
WARNING: [Synth 8-3848] Net encoded_bits[49] in module/entity viterbiDecoder_tb does not have driver. [C:/Users/dinak/OneDrive/Documents/UMBC Spring 2025 Semester/CMPE 316/CCED_spring_2026/CCED_spring_2026.srcs/sources_1/new/viterbiDecoder_tb.sv:16]
WARNING: [Synth 8-3848] Net encoded_bits[50] in module/entity viterbiDecoder_tb does not have driver. [C:/Users/dinak/OneDrive/Documents/UMBC Spring 2025 Semester/CMPE 316/CCED_spring_2026/CCED_spring_2026.srcs/sources_1/new/viterbiDecoder_tb.sv:16]
WARNING: [Synth 8-3848] Net encoded_bits[51] in module/entity viterbiDecoder_tb does not have driver. [C:/Users/dinak/OneDrive/Documents/UMBC Spring 2025 Semester/CMPE 316/CCED_spring_2026/CCED_spring_2026.srcs/sources_1/new/viterbiDecoder_tb.sv:16]
WARNING: [Synth 8-3848] Net encoded_bits[52] in module/entity viterbiDecoder_tb does not have driver. [C:/Users/dinak/OneDrive/Documents/UMBC Spring 2025 Semester/CMPE 316/CCED_spring_2026/CCED_spring_2026.srcs/sources_1/new/viterbiDecoder_tb.sv:16]
WARNING: [Synth 8-3848] Net encoded_bits[53] in module/entity viterbiDecoder_tb does not have driver. [C:/Users/dinak/OneDrive/Documents/UMBC Spring 2025 Semester/CMPE 316/CCED_spring_2026/CCED_spring_2026.srcs/sources_1/new/viterbiDecoder_tb.sv:16]
WARNING: [Synth 8-3848] Net encoded_bits[54] in module/entity viterbiDecoder_tb does not have driver. [C:/Users/dinak/OneDrive/Documents/UMBC Spring 2025 Semester/CMPE 316/CCED_spring_2026/CCED_spring_2026.srcs/sources_1/new/viterbiDecoder_tb.sv:16]
WARNING: [Synth 8-3848] Net encoded_bits[55] in module/entity viterbiDecoder_tb does not have driver. [C:/Users/dinak/OneDrive/Documents/UMBC Spring 2025 Semester/CMPE 316/CCED_spring_2026/CCED_spring_2026.srcs/sources_1/new/viterbiDecoder_tb.sv:16]
WARNING: [Synth 8-3848] Net encoded_bits[56] in module/entity viterbiDecoder_tb does not have driver. [C:/Users/dinak/OneDrive/Documents/UMBC Spring 2025 Semester/CMPE 316/CCED_spring_2026/CCED_spring_2026.srcs/sources_1/new/viterbiDecoder_tb.sv:16]
WARNING: [Synth 8-3848] Net encoded_bits[57] in module/entity viterbiDecoder_tb does not have driver. [C:/Users/dinak/OneDrive/Documents/UMBC Spring 2025 Semester/CMPE 316/CCED_spring_2026/CCED_spring_2026.srcs/sources_1/new/viterbiDecoder_tb.sv:16]
WARNING: [Synth 8-3848] Net encoded_bits[58] in module/entity viterbiDecoder_tb does not have driver. [C:/Users/dinak/OneDrive/Documents/UMBC Spring 2025 Semester/CMPE 316/CCED_spring_2026/CCED_spring_2026.srcs/sources_1/new/viterbiDecoder_tb.sv:16]
WARNING: [Synth 8-3848] Net encoded_bits[59] in module/entity viterbiDecoder_tb does not have driver. [C:/Users/dinak/OneDrive/Documents/UMBC Spring 2025 Semester/CMPE 316/CCED_spring_2026/CCED_spring_2026.srcs/sources_1/new/viterbiDecoder_tb.sv:16]
WARNING: [Synth 8-3848] Net encoded_bits[60] in module/entity viterbiDecoder_tb does not have driver. [C:/Users/dinak/OneDrive/Documents/UMBC Spring 2025 Semester/CMPE 316/CCED_spring_2026/CCED_spring_2026.srcs/sources_1/new/viterbiDecoder_tb.sv:16]
WARNING: [Synth 8-3848] Net encoded_bits[61] in module/entity viterbiDecoder_tb does not have driver. [C:/Users/dinak/OneDrive/Documents/UMBC Spring 2025 Semester/CMPE 316/CCED_spring_2026/CCED_spring_2026.srcs/sources_1/new/viterbiDecoder_tb.sv:16]
WARNING: [Synth 8-3848] Net encoded_bits[62] in module/entity viterbiDecoder_tb does not have driver. [C:/Users/dinak/OneDrive/Documents/UMBC Spring 2025 Semester/CMPE 316/CCED_spring_2026/CCED_spring_2026.srcs/sources_1/new/viterbiDecoder_tb.sv:16]
WARNING: [Synth 8-3848] Net encoded_bits[63] in module/entity viterbiDecoder_tb does not have driver. [C:/Users/dinak/OneDrive/Documents/UMBC Spring 2025 Semester/CMPE 316/CCED_spring_2026/CCED_spring_2026.srcs/sources_1/new/viterbiDecoder_tb.sv:16]
WARNING: [Synth 8-7129] Port index in module SMU is either unconnected or has no load
WARNING: [Synth 8-7129] Port tb_start in module SMU is either unconnected or has no load
WARNING: [Synth 8-7129] Port en in module viterbiDecoder is either unconnected or has no load
---------------------------------------------------------------------------------
Finished Synthesize : Time (s): cpu = 00:00:07 ; elapsed = 00:00:10 . Memory (MB): peak = 1046.324 ; gain = 559.336
---------------------------------------------------------------------------------
---------------------------------------------------------------------------------
Finished Constraint Validation : Time (s): cpu = 00:00:08 ; elapsed = 00:00:11 . Memory (MB): peak = 1046.324 ; gain = 559.336
---------------------------------------------------------------------------------
---------------------------------------------------------------------------------
Start Loading Part and Timing Information
---------------------------------------------------------------------------------
Loading part: xc7k70tfbv676-1
---------------------------------------------------------------------------------
Finished Loading Part and Timing Information : Time (s): cpu = 00:00:08 ; elapsed = 00:00:11 . Memory (MB): peak = 1046.324 ; gain = 559.336
---------------------------------------------------------------------------------
INFO: [Device 21-403] Loading part xc7k70tfbv676-1
---------------------------------------------------------------------------------
Finished RTL Optimization Phase 2 : Time (s): cpu = 00:00:09 ; elapsed = 00:00:11 . Memory (MB): peak = 1046.324 ; gain = 559.336
---------------------------------------------------------------------------------
No constraint files found.
---------------------------------------------------------------------------------
Start RTL Component Statistics 
---------------------------------------------------------------------------------
Detailed RTL Component Info : 
+---Adders : 
	   2 Input   32 Bit       Adders := 2     
	   2 Input   11 Bit       Adders := 8     
	   2 Input   10 Bit       Adders := 1     
	   2 Input    7 Bit       Adders := 1     
	   2 Input    5 Bit       Adders := 1     
	   2 Input    4 Bit       Adders := 3     
	   2 Input    2 Bit       Adders := 8     
+---XORs : 
	   2 Input      2 Bit         XORs := 16    
+---Registers : 
	             1024 Bit    Registers := 1     
	               11 Bit    Registers := 8     
	               10 Bit    Registers := 1     
	                7 Bit    Registers := 1     
	                5 Bit    Registers := 1     
	                4 Bit    Registers := 19    
	                3 Bit    Registers := 1     
	                2 Bit    Registers := 3     
	                1 Bit    Registers := 11    
+---Muxes : 
	   2 Input 1024 Bit        Muxes := 3     
	   4 Input 1024 Bit        Muxes := 1     
	   2 Input   11 Bit        Muxes := 4     
	   2 Input   10 Bit        Muxes := 1     
	   2 Input    5 Bit        Muxes := 1     
	   2 Input    4 Bit        Muxes := 3     
	   2 Input    3 Bit        Muxes := 1     
	   4 Input    3 Bit        Muxes := 1     
	   4 Input    2 Bit        Muxes := 8     
	   2 Input    2 Bit        Muxes := 6     
	   2 Input    1 Bit        Muxes := 41    
	   4 Input    1 Bit        Muxes := 12    
---------------------------------------------------------------------------------
Finished RTL Component Statistics 
---------------------------------------------------------------------------------
---------------------------------------------------------------------------------
Start Part Resource Summary
---------------------------------------------------------------------------------
Part Resources:
DSPs: 240 (col length:80)
BRAMs: 270 (col length: RAMB18 80 RAMB36 40)
---------------------------------------------------------------------------------
Finished Part Resource Summary
---------------------------------------------------------------------------------
No constraint files found.
---------------------------------------------------------------------------------
Start Cross Boundary and Area Optimization
---------------------------------------------------------------------------------
WARNING: [Synth 8-7080] Parallel synthesis criteria is not met
WARNING: [Synth 8-7129] Port index in module SMU is either unconnected or has no load
WARNING: [Synth 8-7129] Port tb_start in module SMU is either unconnected or has no load
WARNING: [Synth 8-7129] Port en in module viterbiDecoder is either unconnected or has no load
---------------------------------------------------------------------------------
Finished Cross Boundary and Area Optimization : Time (s): cpu = 00:00:16 ; elapsed = 00:00:44 . Memory (MB): peak = 1226.277 ; gain = 739.289
---------------------------------------------------------------------------------
No constraint files found.
---------------------------------------------------------------------------------
Start Timing Optimization
---------------------------------------------------------------------------------
---------------------------------------------------------------------------------
Finished Timing Optimization : Time (s): cpu = 00:00:16 ; elapsed = 00:00:44 . Memory (MB): peak = 1226.277 ; gain = 739.289
---------------------------------------------------------------------------------
---------------------------------------------------------------------------------
Start Technology Mapping
---------------------------------------------------------------------------------
---------------------------------------------------------------------------------
Finished Technology Mapping : Time (s): cpu = 00:00:16 ; elapsed = 00:00:44 . Memory (MB): peak = 1226.277 ; gain = 739.289
---------------------------------------------------------------------------------
---------------------------------------------------------------------------------
Start IO Insertion
---------------------------------------------------------------------------------
---------------------------------------------------------------------------------
Start Flattening Before IO Insertion
---------------------------------------------------------------------------------
---------------------------------------------------------------------------------
Finished Flattening Before IO Insertion
---------------------------------------------------------------------------------
---------------------------------------------------------------------------------
Start Final Netlist Cleanup
---------------------------------------------------------------------------------
---------------------------------------------------------------------------------
Finished Final Netlist Cleanup
---------------------------------------------------------------------------------
---------------------------------------------------------------------------------
Finished IO Insertion : Time (s): cpu = 00:00:21 ; elapsed = 00:00:49 . Memory (MB): peak = 1226.277 ; gain = 739.289
---------------------------------------------------------------------------------
---------------------------------------------------------------------------------
Start Renaming Generated Instances
---------------------------------------------------------------------------------
---------------------------------------------------------------------------------
Finished Renaming Generated Instances : Time (s): cpu = 00:00:21 ; elapsed = 00:00:49 . Memory (MB): peak = 1226.277 ; gain = 739.289
---------------------------------------------------------------------------------
---------------------------------------------------------------------------------
Start Rebuilding User Hierarchy
---------------------------------------------------------------------------------
---------------------------------------------------------------------------------
Finished Rebuilding User Hierarchy : Time (s): cpu = 00:00:21 ; elapsed = 00:00:49 . Memory (MB): peak = 1226.277 ; gain = 739.289
---------------------------------------------------------------------------------
---------------------------------------------------------------------------------
Start Renaming Generated Ports
---------------------------------------------------------------------------------
---------------------------------------------------------------------------------
Finished Renaming Generated Ports : Time (s): cpu = 00:00:21 ; elapsed = 00:00:49 . Memory (MB): peak = 1226.277 ; gain = 739.289
---------------------------------------------------------------------------------
---------------------------------------------------------------------------------
Start Handling Custom Attributes
---------------------------------------------------------------------------------
---------------------------------------------------------------------------------
Finished Handling Custom Attributes : Time (s): cpu = 00:00:21 ; elapsed = 00:00:49 . Memory (MB): peak = 1226.277 ; gain = 739.289
---------------------------------------------------------------------------------
---------------------------------------------------------------------------------
Start Renaming Generated Nets
---------------------------------------------------------------------------------
---------------------------------------------------------------------------------
Finished Renaming Generated Nets : Time (s): cpu = 00:00:21 ; elapsed = 00:00:49 . Memory (MB): peak = 1226.277 ; gain = 739.289
---------------------------------------------------------------------------------
---------------------------------------------------------------------------------
Start Writing Synthesis Report
---------------------------------------------------------------------------------

Report BlackBoxes: 
+-+--------------+----------+
| |BlackBox name |Instances |
+-+--------------+----------+
+-+--------------+----------+

Report Cell Usage: 
+-+-----+------+
| |Cell |Count |
+-+-----+------+
+-+-----+------+

Report Instance Areas: 
+------+---------+-------+------+
|      |Instance |Module |Cells |
+------+---------+-------+------+
|1     |top      |       |     0|
+------+---------+-------+------+
---------------------------------------------------------------------------------
Finished Writing Synthesis Report : Time (s): cpu = 00:00:21 ; elapsed = 00:00:49 . Memory (MB): peak = 1226.277 ; gain = 739.289
---------------------------------------------------------------------------------
Synthesis finished with 0 errors, 1 critical warnings and 84 warnings.
Synthesis Optimization Runtime : Time (s): cpu = 00:00:21 ; elapsed = 00:00:49 . Memory (MB): peak = 1226.277 ; gain = 739.289
Synthesis Optimization Complete : Time (s): cpu = 00:00:21 ; elapsed = 00:00:49 . Memory (MB): peak = 1226.277 ; gain = 739.289
INFO: [Project 1-571] Translating synthesized netlist
Netlist sorting complete. Time (s): cpu = 00:00:00 ; elapsed = 00:00:00.001 . Memory (MB): peak = 1226.277 ; gain = 0.000
INFO: [Project 1-570] Preparing netlist for logic optimization
INFO: [Opt 31-138] Pushed 0 inverter(s) to 0 load pin(s).
Netlist sorting complete. Time (s): cpu = 00:00:00 ; elapsed = 00:00:00 . Memory (MB): peak = 1325.508 ; gain = 0.000
INFO: [Project 1-111] Unisim Transformation Summary:
No Unisim elements were transformed.

Access is denied.
Synth Design complete | Checksum: b186cfd7
INFO: [Common 17-83] Releasing license: Synthesis
21 Infos, 84 Warnings, 1 Critical Warnings and 0 Errors encountered.
synth_design completed successfully
synth_design: Time (s): cpu = 00:00:22 ; elapsed = 00:00:52 . Memory (MB): peak = 1325.508 ; gain = 841.512
INFO: [runtcl-6] Synthesis results are not added to the cache due to CRITICAL_WARNING
INFO: [Common 17-1381] The checkpoint 'C:/Users/dinak/OneDrive/Documents/UMBC Spring 2025 Semester/CMPE 316/CCED_spring_2026/CCED_spring_2026.runs/synth_1/viterbiDecoder_tb.dcp' has been generated.
INFO: [runtcl-4] Executing : report_utilization -file viterbiDecoder_tb_utilization_synth.rpt -pb viterbiDecoder_tb_utilization_synth.pb
INFO: [Common 17-206] Exiting Vivado at Fri Feb 13 19:51:27 2026...
