Copyright 1986-2022 Xilinx, Inc. All Rights Reserved. Copyright 2022-2023 Advanced Micro Devices, Inc. All Rights Reserved.
---------------------------------------------------------------------------------------------------------------------------------------------
| Tool Version : Vivado v.2023.2 (win64) Build 4029153 Fri Oct 13 20:14:34 MDT 2023
| Date         : Wed Apr 22 11:20:17 2026
| Host         : googoo running 64-bit major release  (build 9200)
| Command      : report_control_sets -verbose -file encode_and_tx_top_control_sets_placed.rpt
| Design       : encode_and_tx_top
| Device       : xc7a35t
---------------------------------------------------------------------------------------------------------------------------------------------

Control Set Information

Table of Contents
-----------------
1. Summary
2. Histogram
3. Flip-Flop Distribution
4. Detailed Control Set Information

1. Summary
----------

+----------------------------------------------------------+-------+
|                          Status                          | Count |
+----------------------------------------------------------+-------+
| Total control sets                                       |    14 |
|    Minimum number of control sets                        |    14 |
|    Addition due to synthesis replication                 |     0 |
|    Addition due to physical synthesis replication        |     0 |
| Unused register locations in slices containing registers |    54 |
+----------------------------------------------------------+-------+
* Control sets can be merged at opt_design using control_set_merge or merge_equivalent_drivers
** Run report_qor_suggestions for automated merging and remapping suggestions


2. Histogram
------------

+--------------------+-------+
|       Fanout       | Count |
+--------------------+-------+
| Total control sets |    14 |
| >= 0 to < 4        |     3 |
| >= 4 to < 6        |     2 |
| >= 6 to < 8        |     2 |
| >= 8 to < 10       |     2 |
| >= 10 to < 12      |     0 |
| >= 12 to < 14      |     0 |
| >= 14 to < 16      |     1 |
| >= 16              |     4 |
+--------------------+-------+
* Control sets can be remapped at either synth_design or opt_design


3. Flip-Flop Distribution
-------------------------

+--------------+-----------------------+------------------------+-----------------+--------------+
| Clock Enable | Synchronous Set/Reset | Asynchronous Set/Reset | Total Registers | Total Slices |
+--------------+-----------------------+------------------------+-----------------+--------------+
| No           | No                    | No                     |               6 |            5 |
| No           | No                    | Yes                    |               0 |            0 |
| No           | Yes                   | No                     |            2095 |          594 |
| Yes          | No                    | No                     |              19 |            8 |
| Yes          | No                    | Yes                    |               0 |            0 |
| Yes          | Yes                   | No                     |              74 |           35 |
+--------------+-----------------------+------------------------+-----------------+--------------+


4. Detailed Control Set Information
-----------------------------------

+----------------+---------------------------------------+-----------------------------------------+------------------+----------------+--------------+
|  Clock Signal  |             Enable Signal             |             Set/Reset Signal            | Slice Load Count | Bel Load Count | Bels / Slice |
+----------------+---------------------------------------+-----------------------------------------+------------------+----------------+--------------+
|  clk_IBUF_BUFG | DUT/FSM_onehot_state_reg_n_0_[4]      | DUT/FSM_onehot_state[5]_i_1_n_0         |                1 |              1 |         1.00 |
|  clk_IBUF_BUFG | DUT/encoder/FSM_onehot_state_reg[1]_0 | DUT/FSM_onehot_state[5]_i_1_n_0         |                1 |              1 |         1.00 |
|  clk_IBUF_BUFG | DUT/encoder/FSM_onehot_state_reg[5]   | DUT/encoder/FSM_onehot_state_reg[1]_1   |                1 |              1 |         1.00 |
|  clk_IBUF_BUFG |                                       | DUT/FSM_onehot_state[5]_i_1_n_0         |                2 |              4 |         2.00 |
|  clk_IBUF_BUFG | DUT/transmitter/bitcounter            | DUT/transmitter/bitcounter[3]_i_1_n_0   |                1 |              4 |         4.00 |
|  clk_IBUF_BUFG |                                       |                                         |                5 |              6 |         1.20 |
|  clk_IBUF_BUFG | DUT/FSM_onehot_state[5]_i_2_n_0       | DUT/FSM_onehot_state[5]_i_1_n_0         |                2 |              6 |         3.00 |
|  clk_IBUF_BUFG | DUT/transmitter/rightshiftreg         | DUT/p_0_in0                             |                4 |              8 |         2.00 |
|  clk_IBUF_BUFG | DUT/transmitter/staging_valid0        | DUT/p_0_in0                             |                8 |              8 |         1.00 |
|  clk_IBUF_BUFG |                                       | DUT/transmitter/counter[0]_i_1__0_n_0   |                4 |             14 |         3.50 |
|  clk_IBUF_BUFG | DUT/wait_counter[16]_i_1_n_0          | DUT/FSM_onehot_state[5]_i_1_n_0         |                4 |             17 |         4.25 |
|  clk_IBUF_BUFG | DUT/encoder/FSM_onehot_state_reg[5]   |                                         |                8 |             19 |         2.38 |
|  clk_IBUF_BUFG | DUT/encoder/state_reg                 | DUT/encoder/FSM_onehot_state[2]_i_1_n_0 |               13 |             28 |         2.15 |
|  clk_IBUF_BUFG |                                       | DUT/encoder/FSM_onehot_state[2]_i_1_n_0 |              588 |           2077 |         3.53 |
+----------------+---------------------------------------+-----------------------------------------+------------------+----------------+--------------+


